CONTRACT TESTS (14 passing):
running 14 tests
test test::test_init ... ok
test test::test_double_init_resets_count ... ok
test test::test_create_campaign ... ok
test test::test_create_multiple_campaigns ... ok
test test::test_get_campaign ... ok
test test::test_get_nonexistent_campaign_panics - should panic ... ok
test test::test_get_count_starts_at_zero ... ok
test test::test_claim_before_deadline_panics - should panic ... ok
test test::test_claim_nonexistent_panics - should panic ... ok
test test::test_donate_increases_raised ... ok
test test::test_donate_multiple_times ... ok
test test::test_donate_after_target_reached_panics - should panic ... ok
test test::test_donate_exceeding_target_panics - should panic ... ok
test test::test_donate_after_deadline_panics - should panic ... ok

test result: ok. 14 passed; 0 failed; 0 ignored

FRONTEND TESTS (14 passing):
✓ src/tests/cache.test.ts (8 tests)
✓ src/tests/errors.test.ts (6 tests)

Test Files  2 passed (2)
     Tests  14 passed (14)
  Duration  4.06s

TOTAL: 28 TESTS PASSING ✅
